<?xml version="1.0" encoding="UTF-8"?>
<testsuites>
  <testsuite name="/home/omgaalfa/php-projetos/applications/HttpPromise/phpunit.xml" tests="134" assertions="282" errors="0" failures="0" skipped="1" time="3.548863">
    <testsuite name="Unit" tests="134" assertions="282" errors="0" failures="0" skipped="1" time="3.548863">
      <testsuite name="Tests\DeferredTest" file="/home/omgaalfa/php-projetos/applications/HttpPromise/tests/DeferredTest.php" tests="9" assertions="17" errors="0" failures="0" skipped="0" time="0.044814">
        <testcase name="testCreateDeferred" file="/home/omgaalfa/php-projetos/applications/HttpPromise/tests/DeferredTest.php" line="16" class="Tests\DeferredTest" classname="Tests.DeferredTest" assertions="2" time="0.023210"/>
        <testcase name="testResolveDeferred" file="/home/omgaalfa/php-projetos/applications/HttpPromise/tests/DeferredTest.php" line="25" class="Tests\DeferredTest" classname="Tests.DeferredTest" assertions="2" time="0.002969"/>
        <testcase name="testRejectDeferred" file="/home/omgaalfa/php-projetos/applications/HttpPromise/tests/DeferredTest.php" line="36" class="Tests\DeferredTest" classname="Tests.DeferredTest" assertions="3" time="0.003082"/>
        <testcase name="testDeferredThen" file="/home/omgaalfa/php-projetos/applications/HttpPromise/tests/DeferredTest.php" line="51" class="Tests\DeferredTest" classname="Tests.DeferredTest" assertions="1" time="0.002543"/>
        <testcase name="testDeferredCatch" file="/home/omgaalfa/php-projetos/applications/HttpPromise/tests/DeferredTest.php" line="66" class="Tests\DeferredTest" classname="Tests.DeferredTest" assertions="1" time="0.002567"/>
        <testcase name="testDeferredChaining" file="/home/omgaalfa/php-projetos/applications/HttpPromise/tests/DeferredTest.php" line="81" class="Tests\DeferredTest" classname="Tests.DeferredTest" assertions="1" time="0.002643"/>
        <testcase name="testMultipleThenHandlers" file="/home/omgaalfa/php-projetos/applications/HttpPromise/tests/DeferredTest.php" line="95" class="Tests\DeferredTest" classname="Tests.DeferredTest" assertions="3" time="0.002659"/>
        <testcase name="testDeferredStateTransition" file="/home/omgaalfa/php-projetos/applications/HttpPromise/tests/DeferredTest.php" line="115" class="Tests\DeferredTest" classname="Tests.DeferredTest" assertions="2" time="0.002440"/>
        <testcase name="testDeferredRejectionStateTransition" file="/home/omgaalfa/php-projetos/applications/HttpPromise/tests/DeferredTest.php" line="126" class="Tests\DeferredTest" classname="Tests.DeferredTest" assertions="2" time="0.002700"/>
      </testsuite>
      <testsuite name="Tests\ExceptionTest" file="/home/omgaalfa/php-projetos/applications/HttpPromise/tests/ExceptionTest.php" tests="9" assertions="25" errors="0" failures="0" skipped="0" time="0.027414">
        <testcase name="testHttpExceptionBasic" file="/home/omgaalfa/php-projetos/applications/HttpPromise/tests/ExceptionTest.php" line="18" class="Tests\ExceptionTest" classname="Tests.ExceptionTest" assertions="5" time="0.003246"/>
        <testcase name="testHttpExceptionFromCurlError" file="/home/omgaalfa/php-projetos/applications/HttpPromise/tests/ExceptionTest.php" line="34" class="Tests\ExceptionTest" classname="Tests.ExceptionTest" assertions="5" time="0.002414"/>
        <testcase name="testHttpExceptionFromResponse" file="/home/omgaalfa/php-projetos/applications/HttpPromise/tests/ExceptionTest.php" line="49" class="Tests\ExceptionTest" classname="Tests.ExceptionTest" assertions="6" time="0.007101"/>
        <testcase name="testPromiseException" file="/home/omgaalfa/php-projetos/applications/HttpPromise/tests/ExceptionTest.php" line="69" class="Tests\ExceptionTest" classname="Tests.ExceptionTest" assertions="2" time="0.002310"/>
        <testcase name="testRejectionException" file="/home/omgaalfa/php-projetos/applications/HttpPromise/tests/ExceptionTest.php" line="76" class="Tests\ExceptionTest" classname="Tests.ExceptionTest" assertions="2" time="0.003052"/>
        <testcase name="testRejectionExceptionWithStringReason" file="/home/omgaalfa/php-projetos/applications/HttpPromise/tests/ExceptionTest.php" line="85" class="Tests\ExceptionTest" classname="Tests.ExceptionTest" assertions="1" time="0.002381"/>
        <testcase name="testTimeoutException" file="/home/omgaalfa/php-projetos/applications/HttpPromise/tests/ExceptionTest.php" line="91" class="Tests\ExceptionTest" classname="Tests.ExceptionTest" assertions="2" time="0.002470"/>
        <testcase name="testHttpExceptionWithPreviousException" file="/home/omgaalfa/php-projetos/applications/HttpPromise/tests/ExceptionTest.php" line="98" class="Tests\ExceptionTest" classname="Tests.ExceptionTest" assertions="1" time="0.002243"/>
        <testcase name="testHttpExceptionWithCode" file="/home/omgaalfa/php-projetos/applications/HttpPromise/tests/ExceptionTest.php" line="111" class="Tests\ExceptionTest" classname="Tests.ExceptionTest" assertions="1" time="0.002198"/>
      </testsuite>
      <testsuite name="Tests\HttpProcessorTraitTest" file="/home/omgaalfa/php-projetos/applications/HttpPromise/tests/HttpProcessorTraitTest.php" tests="24" assertions="47" errors="0" failures="0" skipped="0" time="0.073649">
        <testcase name="testFormatHeadersBasic" file="/home/omgaalfa/php-projetos/applications/HttpPromise/tests/HttpProcessorTraitTest.php" line="34" class="Tests\HttpProcessorTraitTest" classname="Tests.HttpProcessorTraitTest" assertions="3" time="0.007805"/>
        <testcase name="testFormatHeadersSkipsEmptyValues" file="/home/omgaalfa/php-projetos/applications/HttpPromise/tests/HttpProcessorTraitTest.php" line="48" class="Tests\HttpProcessorTraitTest" classname="Tests.HttpProcessorTraitTest" assertions="3" time="0.003546"/>
        <testcase name="testFormatHeadersWithBooleanValues" file="/home/omgaalfa/php-projetos/applications/HttpPromise/tests/HttpProcessorTraitTest.php" line="64" class="Tests\HttpProcessorTraitTest" classname="Tests.HttpProcessorTraitTest" assertions="2" time="0.002996"/>
        <testcase name="testFormatHeadersWithNumericValues" file="/home/omgaalfa/php-projetos/applications/HttpPromise/tests/HttpProcessorTraitTest.php" line="77" class="Tests\HttpProcessorTraitTest" classname="Tests.HttpProcessorTraitTest" assertions="2" time="0.002846"/>
        <testcase name="testFormatParamsNull" file="/home/omgaalfa/php-projetos/applications/HttpPromise/tests/HttpProcessorTraitTest.php" line="90" class="Tests\HttpProcessorTraitTest" classname="Tests.HttpProcessorTraitTest" assertions="1" time="0.003033"/>
        <testcase name="testFormatParamsString" file="/home/omgaalfa/php-projetos/applications/HttpPromise/tests/HttpProcessorTraitTest.php" line="96" class="Tests\HttpProcessorTraitTest" classname="Tests.HttpProcessorTraitTest" assertions="1" time="0.003506"/>
        <testcase name="testFormatParamsJsonContentType" file="/home/omgaalfa/php-projetos/applications/HttpPromise/tests/HttpProcessorTraitTest.php" line="102" class="Tests\HttpProcessorTraitTest" classname="Tests.HttpProcessorTraitTest" assertions="3" time="0.002655"/>
        <testcase name="testFormatParamsFormData" file="/home/omgaalfa/php-projetos/applications/HttpPromise/tests/HttpProcessorTraitTest.php" line="114" class="Tests\HttpProcessorTraitTest" classname="Tests.HttpProcessorTraitTest" assertions="1" time="0.002501"/>
        <testcase name="testFormatParamsArrayWithoutContentType" file="/home/omgaalfa/php-projetos/applications/HttpPromise/tests/HttpProcessorTraitTest.php" line="124" class="Tests\HttpProcessorTraitTest" classname="Tests.HttpProcessorTraitTest" assertions="1" time="0.002517"/>
        <testcase name="testEncodeJson" file="/home/omgaalfa/php-projetos/applications/HttpPromise/tests/HttpProcessorTraitTest.php" line="132" class="Tests\HttpProcessorTraitTest" classname="Tests.HttpProcessorTraitTest" assertions="3" time="0.002663"/>
        <testcase name="testGetContentType" file="/home/omgaalfa/php-projetos/applications/HttpPromise/tests/HttpProcessorTraitTest.php" line="143" class="Tests\HttpProcessorTraitTest" classname="Tests.HttpProcessorTraitTest" assertions="1" time="0.002586"/>
        <testcase name="testGetContentTypeDefault" file="/home/omgaalfa/php-projetos/applications/HttpPromise/tests/HttpProcessorTraitTest.php" line="151" class="Tests\HttpProcessorTraitTest" classname="Tests.HttpProcessorTraitTest" assertions="1" time="0.003776"/>
        <testcase name="testGetContentTypeCaseInsensitive" file="/home/omgaalfa/php-projetos/applications/HttpPromise/tests/HttpProcessorTraitTest.php" line="157" class="Tests\HttpProcessorTraitTest" classname="Tests.HttpProcessorTraitTest" assertions="1" time="0.002757"/>
        <testcase name="testDecodeJson" file="/home/omgaalfa/php-projetos/applications/HttpPromise/tests/HttpProcessorTraitTest.php" line="165" class="Tests\HttpProcessorTraitTest" classname="Tests.HttpProcessorTraitTest" assertions="2" time="0.002594"/>
        <testcase name="testDecodeJsonAsObject" file="/home/omgaalfa/php-projetos/applications/HttpPromise/tests/HttpProcessorTraitTest.php" line="174" class="Tests\HttpProcessorTraitTest" classname="Tests.HttpProcessorTraitTest" assertions="2" time="0.002837"/>
        <testcase name="testMergeHeaders" file="/home/omgaalfa/php-projetos/applications/HttpPromise/tests/HttpProcessorTraitTest.php" line="183" class="Tests\HttpProcessorTraitTest" classname="Tests.HttpProcessorTraitTest" assertions="3" time="0.002718"/>
        <testcase name="testMergeHeadersCaseInsensitive" file="/home/omgaalfa/php-projetos/applications/HttpPromise/tests/HttpProcessorTraitTest.php" line="201" class="Tests\HttpProcessorTraitTest" classname="Tests.HttpProcessorTraitTest" assertions="1" time="0.002574"/>
        <testcase name="testBuildUrl" file="/home/omgaalfa/php-projetos/applications/HttpPromise/tests/HttpProcessorTraitTest.php" line="212" class="Tests\HttpProcessorTraitTest" classname="Tests.HttpProcessorTraitTest" assertions="3" time="0.002521"/>
        <testcase name="testBuildUrlWithExistingQuery" file="/home/omgaalfa/php-projetos/applications/HttpPromise/tests/HttpProcessorTraitTest.php" line="224" class="Tests\HttpProcessorTraitTest" classname="Tests.HttpProcessorTraitTest" assertions="3" time="0.004108"/>
        <testcase name="testBuildUrlWithNullParams" file="/home/omgaalfa/php-projetos/applications/HttpPromise/tests/HttpProcessorTraitTest.php" line="236" class="Tests\HttpProcessorTraitTest" classname="Tests.HttpProcessorTraitTest" assertions="1" time="0.002923"/>
        <testcase name="testBuildUrlWithEmptyParams" file="/home/omgaalfa/php-projetos/applications/HttpPromise/tests/HttpProcessorTraitTest.php" line="244" class="Tests\HttpProcessorTraitTest" classname="Tests.HttpProcessorTraitTest" assertions="1" time="0.002527"/>
        <testcase name="testParseUrl" file="/home/omgaalfa/php-projetos/applications/HttpPromise/tests/HttpProcessorTraitTest.php" line="252" class="Tests\HttpProcessorTraitTest" classname="Tests.HttpProcessorTraitTest" assertions="5" time="0.002541"/>
        <testcase name="testFormatParamsWithObject" file="/home/omgaalfa/php-projetos/applications/HttpPromise/tests/HttpProcessorTraitTest.php" line="264" class="Tests\HttpProcessorTraitTest" classname="Tests.HttpProcessorTraitTest" assertions="2" time="0.002565"/>
        <testcase name="testFormatParamsScalar" file="/home/omgaalfa/php-projetos/applications/HttpPromise/tests/HttpProcessorTraitTest.php" line="276" class="Tests\HttpProcessorTraitTest" classname="Tests.HttpProcessorTraitTest" assertions="1" time="0.002552"/>
      </testsuite>
      <testsuite name="Tests\HttpPromiseTest" file="/home/omgaalfa/php-projetos/applications/HttpPromise/tests/HttpPromiseTest.php" tests="28" assertions="45" errors="0" failures="0" skipped="0" time="0.129601">
        <testcase name="testCreateClient" file="/home/omgaalfa/php-projetos/applications/HttpPromise/tests/HttpPromiseTest.php" line="26" class="Tests\HttpPromiseTest" classname="Tests.HttpPromiseTest" assertions="1" time="0.006889"/>
        <testcase name="testWithBaseUrl" file="/home/omgaalfa/php-projetos/applications/HttpPromise/tests/HttpPromiseTest.php" line="31" class="Tests\HttpPromiseTest" classname="Tests.HttpPromiseTest" assertions="1" time="0.003053"/>
        <testcase name="testWithBearerToken" file="/home/omgaalfa/php-projetos/applications/HttpPromise/tests/HttpPromiseTest.php" line="37" class="Tests\HttpPromiseTest" classname="Tests.HttpPromiseTest" assertions="1" time="0.003903"/>
        <testcase name="testAsJson" file="/home/omgaalfa/php-projetos/applications/HttpPromise/tests/HttpPromiseTest.php" line="43" class="Tests\HttpPromiseTest" classname="Tests.HttpPromiseTest" assertions="1" time="0.003077"/>
        <testcase name="testPendingCount" file="/home/omgaalfa/php-projetos/applications/HttpPromise/tests/HttpPromiseTest.php" line="49" class="Tests\HttpPromiseTest" classname="Tests.HttpPromiseTest" assertions="1" time="0.003159"/>
        <testcase name="testGetRequest" file="/home/omgaalfa/php-projetos/applications/HttpPromise/tests/HttpPromiseTest.php" line="54" class="Tests\HttpPromiseTest" classname="Tests.HttpPromiseTest" assertions="1" time="0.025573"/>
        <testcase name="testPostRequest" file="/home/omgaalfa/php-projetos/applications/HttpPromise/tests/HttpPromiseTest.php" line="60" class="Tests\HttpPromiseTest" classname="Tests.HttpPromiseTest" assertions="1" time="0.004442"/>
        <testcase name="testConcurrentRequests" file="/home/omgaalfa/php-projetos/applications/HttpPromise/tests/HttpPromiseTest.php" line="66" class="Tests\HttpPromiseTest" classname="Tests.HttpPromiseTest" assertions="1" time="0.007248"/>
        <testcase name="testWithMaxConcurrent" file="/home/omgaalfa/php-projetos/applications/HttpPromise/tests/HttpPromiseTest.php" line="78" class="Tests\HttpPromiseTest" classname="Tests.HttpPromiseTest" assertions="1" time="0.002988"/>
        <testcase name="testWithHttp2" file="/home/omgaalfa/php-projetos/applications/HttpPromise/tests/HttpPromiseTest.php" line="84" class="Tests\HttpPromiseTest" classname="Tests.HttpPromiseTest" assertions="2" time="0.002989"/>
        <testcase name="testWithTcpKeepAlive" file="/home/omgaalfa/php-projetos/applications/HttpPromise/tests/HttpPromiseTest.php" line="91" class="Tests\HttpPromiseTest" classname="Tests.HttpPromiseTest" assertions="2" time="0.003177"/>
        <testcase name="testWithMaxPoolSize" file="/home/omgaalfa/php-projetos/applications/HttpPromise/tests/HttpPromiseTest.php" line="98" class="Tests\HttpPromiseTest" classname="Tests.HttpPromiseTest" assertions="2" time="0.002967"/>
        <testcase name="testMiddlewareIsCalled" file="/home/omgaalfa/php-projetos/applications/HttpPromise/tests/HttpPromiseTest.php" line="105" class="Tests\HttpPromiseTest" classname="Tests.HttpPromiseTest" assertions="1" time="0.004239"/>
        <testcase name="testQueuedCount" file="/home/omgaalfa/php-projetos/applications/HttpPromise/tests/HttpPromiseTest.php" line="117" class="Tests\HttpPromiseTest" classname="Tests.HttpPromiseTest" assertions="1" time="0.004169"/>
        <testcase name="testGetMetrics" file="/home/omgaalfa/php-projetos/applications/HttpPromise/tests/HttpPromiseTest.php" line="122" class="Tests\HttpPromiseTest" classname="Tests.HttpPromiseTest" assertions="9" time="0.003245"/>
        <testcase name="testHasPendingWithQueued" file="/home/omgaalfa/php-projetos/applications/HttpPromise/tests/HttpPromiseTest.php" line="136" class="Tests\HttpPromiseTest" classname="Tests.HttpPromiseTest" assertions="5" time="0.004658"/>
        <testcase name="testWithBasicAuth" file="/home/omgaalfa/php-projetos/applications/HttpPromise/tests/HttpPromiseTest.php" line="152" class="Tests\HttpPromiseTest" classname="Tests.HttpPromiseTest" assertions="1" time="0.002974"/>
        <testcase name="testAsForm" file="/home/omgaalfa/php-projetos/applications/HttpPromise/tests/HttpPromiseTest.php" line="158" class="Tests\HttpPromiseTest" classname="Tests.HttpPromiseTest" assertions="1" time="0.003315"/>
        <testcase name="testPutRequest" file="/home/omgaalfa/php-projetos/applications/HttpPromise/tests/HttpPromiseTest.php" line="164" class="Tests\HttpPromiseTest" classname="Tests.HttpPromiseTest" assertions="1" time="0.004656"/>
        <testcase name="testPatchRequest" file="/home/omgaalfa/php-projetos/applications/HttpPromise/tests/HttpPromiseTest.php" line="170" class="Tests\HttpPromiseTest" classname="Tests.HttpPromiseTest" assertions="1" time="0.004273"/>
        <testcase name="testDeleteRequest" file="/home/omgaalfa/php-projetos/applications/HttpPromise/tests/HttpPromiseTest.php" line="176" class="Tests\HttpPromiseTest" classname="Tests.HttpPromiseTest" assertions="1" time="0.004362"/>
        <testcase name="testHeadRequest" file="/home/omgaalfa/php-projetos/applications/HttpPromise/tests/HttpPromiseTest.php" line="182" class="Tests\HttpPromiseTest" classname="Tests.HttpPromiseTest" assertions="1" time="0.004435"/>
        <testcase name="testOptionsRequest" file="/home/omgaalfa/php-projetos/applications/HttpPromise/tests/HttpPromiseTest.php" line="188" class="Tests\HttpPromiseTest" classname="Tests.HttpPromiseTest" assertions="1" time="0.005052"/>
        <testcase name="testWithMiddlewares" file="/home/omgaalfa/php-projetos/applications/HttpPromise/tests/HttpPromiseTest.php" line="194" class="Tests\HttpPromiseTest" classname="Tests.HttpPromiseTest" assertions="1" time="0.002860"/>
        <testcase name="testHasPending" file="/home/omgaalfa/php-projetos/applications/HttpPromise/tests/HttpPromiseTest.php" line="207" class="Tests\HttpPromiseTest" classname="Tests.HttpPromiseTest" assertions="1" time="0.002701"/>
        <testcase name="testGetOptions" file="/home/omgaalfa/php-projetos/applications/HttpPromise/tests/HttpPromiseTest.php" line="212" class="Tests\HttpPromiseTest" classname="Tests.HttpPromiseTest" assertions="1" time="0.003012"/>
        <testcase name="testClone" file="/home/omgaalfa/php-projetos/applications/HttpPromise/tests/HttpPromiseTest.php" line="218" class="Tests\HttpPromiseTest" classname="Tests.HttpPromiseTest" assertions="3" time="0.002952"/>
        <testcase name="testMultipleMiddlewareChain" file="/home/omgaalfa/php-projetos/applications/HttpPromise/tests/HttpPromiseTest.php" line="228" class="Tests\HttpPromiseTest" classname="Tests.HttpPromiseTest" assertions="1" time="0.003233"/>
      </testsuite>
      <testsuite name="Tests\IntegrationTest" file="/home/omgaalfa/php-projetos/applications/HttpPromise/tests/IntegrationTest.php" tests="6" assertions="20" errors="0" failures="0" skipped="1" time="3.113612">
        <testcase name="testRealGetRequest" file="/home/omgaalfa/php-projetos/applications/HttpPromise/tests/IntegrationTest.php" line="25" class="Tests\IntegrationTest" classname="Tests.IntegrationTest" assertions="2" time="0.613767"/>
        <testcase name="testRealPostRequest" file="/home/omgaalfa/php-projetos/applications/HttpPromise/tests/IntegrationTest.php" line="34" class="Tests\IntegrationTest" classname="Tests.IntegrationTest" assertions="2" time="0.759890"/>
        <testcase name="testConcurrentRealRequests" file="/home/omgaalfa/php-projetos/applications/HttpPromise/tests/IntegrationTest.php" line="46" class="Tests\IntegrationTest" classname="Tests.IntegrationTest" assertions="0" time="0.009923">
          <skipped/>
        </testcase>
        <testcase name="testMetricsAfterRequests" file="/home/omgaalfa/php-projetos/applications/HttpPromise/tests/IntegrationTest.php" line="67" class="Tests\IntegrationTest" classname="Tests.IntegrationTest" assertions="6" time="0.753496"/>
        <testcase name="testConcurrencyControl" file="/home/omgaalfa/php-projetos/applications/HttpPromise/tests/IntegrationTest.php" line="83" class="Tests\IntegrationTest" classname="Tests.IntegrationTest" assertions="9" time="0.946169"/>
        <testcase name="testErrorHandling" file="/home/omgaalfa/php-projetos/applications/HttpPromise/tests/IntegrationTest.php" line="108" class="Tests\IntegrationTest" classname="Tests.IntegrationTest" assertions="1" time="0.030368"/>
      </testsuite>
      <testsuite name="Tests\PromiseTest" file="/home/omgaalfa/php-projetos/applications/HttpPromise/tests/PromiseTest.php" tests="35" assertions="58" errors="0" failures="0" skipped="0" time="0.097376">
        <testcase name="testCreatePromise" file="/home/omgaalfa/php-projetos/applications/HttpPromise/tests/PromiseTest.php" line="16" class="Tests\PromiseTest" classname="Tests.PromiseTest" assertions="1" time="0.002621"/>
        <testcase name="testPromiseResolve" file="/home/omgaalfa/php-projetos/applications/HttpPromise/tests/PromiseTest.php" line="24" class="Tests\PromiseTest" classname="Tests.PromiseTest" assertions="2" time="0.002576"/>
        <testcase name="testPromiseReject" file="/home/omgaalfa/php-projetos/applications/HttpPromise/tests/PromiseTest.php" line="34" class="Tests\PromiseTest" classname="Tests.PromiseTest" assertions="1" time="0.003084"/>
        <testcase name="testPromiseThen" file="/home/omgaalfa/php-projetos/applications/HttpPromise/tests/PromiseTest.php" line="44" class="Tests\PromiseTest" classname="Tests.PromiseTest" assertions="1" time="0.002542"/>
        <testcase name="testPromiseCatch" file="/home/omgaalfa/php-projetos/applications/HttpPromise/tests/PromiseTest.php" line="58" class="Tests\PromiseTest" classname="Tests.PromiseTest" assertions="1" time="0.002587"/>
        <testcase name="testPromiseAll" file="/home/omgaalfa/php-projetos/applications/HttpPromise/tests/PromiseTest.php" line="72" class="Tests\PromiseTest" classname="Tests.PromiseTest" assertions="1" time="0.002730"/>
        <testcase name="testPromiseRace" file="/home/omgaalfa/php-projetos/applications/HttpPromise/tests/PromiseTest.php" line="87" class="Tests\PromiseTest" classname="Tests.PromiseTest" assertions="1" time="0.002750"/>
        <testcase name="testPromiseResolveWithPromise" file="/home/omgaalfa/php-projetos/applications/HttpPromise/tests/PromiseTest.php" line="102" class="Tests\PromiseTest" classname="Tests.PromiseTest" assertions="2" time="0.002586"/>
        <testcase name="testPromiseResolveWithValue" file="/home/omgaalfa/php-projetos/applications/HttpPromise/tests/PromiseTest.php" line="114" class="Tests\PromiseTest" classname="Tests.PromiseTest" assertions="2" time="0.002508"/>
        <testcase name="testPromiseRejectStatic" file="/home/omgaalfa/php-projetos/applications/HttpPromise/tests/PromiseTest.php" line="122" class="Tests\PromiseTest" classname="Tests.PromiseTest" assertions="3" time="0.002602"/>
        <testcase name="testPromiseFinally" file="/home/omgaalfa/php-projetos/applications/HttpPromise/tests/PromiseTest.php" line="134" class="Tests\PromiseTest" classname="Tests.PromiseTest" assertions="1" time="0.003574"/>
        <testcase name="testPromiseFinallyOnRejection" file="/home/omgaalfa/php-projetos/applications/HttpPromise/tests/PromiseTest.php" line="150" class="Tests\PromiseTest" classname="Tests.PromiseTest" assertions="1" time="0.002845"/>
        <testcase name="testPromiseAllEmpty" file="/home/omgaalfa/php-projetos/applications/HttpPromise/tests/PromiseTest.php" line="173" class="Tests\PromiseTest" classname="Tests.PromiseTest" assertions="1" time="0.002546"/>
        <testcase name="testPromiseAllWithRejection" file="/home/omgaalfa/php-projetos/applications/HttpPromise/tests/PromiseTest.php" line="181" class="Tests\PromiseTest" classname="Tests.PromiseTest" assertions="2" time="0.002860"/>
        <testcase name="testPromiseAllSettled" file="/home/omgaalfa/php-projetos/applications/HttpPromise/tests/PromiseTest.php" line="194" class="Tests\PromiseTest" classname="Tests.PromiseTest" assertions="6" time="0.002918"/>
        <testcase name="testPromiseAny" file="/home/omgaalfa/php-projetos/applications/HttpPromise/tests/PromiseTest.php" line="211" class="Tests\PromiseTest" classname="Tests.PromiseTest" assertions="1" time="0.002856"/>
        <testcase name="testPromiseAnyAllRejected" file="/home/omgaalfa/php-projetos/applications/HttpPromise/tests/PromiseTest.php" line="223" class="Tests\PromiseTest" classname="Tests.PromiseTest" assertions="1" time="0.003406"/>
        <testcase name="testPromiseWaitWithTimeout" file="/home/omgaalfa/php-projetos/applications/HttpPromise/tests/PromiseTest.php" line="236" class="Tests\PromiseTest" classname="Tests.PromiseTest" assertions="1" time="0.002609"/>
        <testcase name="testPromiseGetState" file="/home/omgaalfa/php-projetos/applications/HttpPromise/tests/PromiseTest.php" line="246" class="Tests\PromiseTest" classname="Tests.PromiseTest" assertions="3" time="0.002601"/>
        <testcase name="testPromiseThenReturnsNewPromise" file="/home/omgaalfa/php-projetos/applications/HttpPromise/tests/PromiseTest.php" line="260" class="Tests\PromiseTest" classname="Tests.PromiseTest" assertions="2" time="0.002724"/>
        <testcase name="testPromiseCatchReturnsNewPromise" file="/home/omgaalfa/php-projetos/applications/HttpPromise/tests/PromiseTest.php" line="271" class="Tests\PromiseTest" classname="Tests.PromiseTest" assertions="2" time="0.002844"/>
        <testcase name="testPromiseChaining" file="/home/omgaalfa/php-projetos/applications/HttpPromise/tests/PromiseTest.php" line="282" class="Tests\PromiseTest" classname="Tests.PromiseTest" assertions="1" time="0.002741"/>
        <testcase name="testPromiseAllWithNonPromiseValues" file="/home/omgaalfa/php-projetos/applications/HttpPromise/tests/PromiseTest.php" line="298" class="Tests\PromiseTest" classname="Tests.PromiseTest" assertions="1" time="0.002725"/>
        <testcase name="testPromiseRaceEmpty" file="/home/omgaalfa/php-projetos/applications/HttpPromise/tests/PromiseTest.php" line="310" class="Tests\PromiseTest" classname="Tests.PromiseTest" assertions="1" time="0.002875"/>
        <testcase name="testPromiseAllSettledEmpty" file="/home/omgaalfa/php-projetos/applications/HttpPromise/tests/PromiseTest.php" line="317" class="Tests\PromiseTest" classname="Tests.PromiseTest" assertions="1" time="0.002714"/>
        <testcase name="testPromiseAnyEmpty" file="/home/omgaalfa/php-projetos/applications/HttpPromise/tests/PromiseTest.php" line="325" class="Tests\PromiseTest" classname="Tests.PromiseTest" assertions="1" time="0.003002"/>
        <testcase name="testPromiseThenWithPromiseReturn" file="/home/omgaalfa/php-projetos/applications/HttpPromise/tests/PromiseTest.php" line="332" class="Tests\PromiseTest" classname="Tests.PromiseTest" assertions="1" time="0.002637"/>
        <testcase name="testPromiseCatchWithPromiseReturn" file="/home/omgaalfa/php-projetos/applications/HttpPromise/tests/PromiseTest.php" line="342" class="Tests\PromiseTest" classname="Tests.PromiseTest" assertions="1" time="0.002658"/>
        <testcase name="testPromiseThenWithException" file="/home/omgaalfa/php-projetos/applications/HttpPromise/tests/PromiseTest.php" line="352" class="Tests\PromiseTest" classname="Tests.PromiseTest" assertions="2" time="0.002665"/>
        <testcase name="testPromiseCatchWithException" file="/home/omgaalfa/php-projetos/applications/HttpPromise/tests/PromiseTest.php" line="364" class="Tests\PromiseTest" classname="Tests.PromiseTest" assertions="2" time="0.003501"/>
        <testcase name="testPromiseExecutorWithException" file="/home/omgaalfa/php-projetos/applications/HttpPromise/tests/PromiseTest.php" line="376" class="Tests\PromiseTest" classname="Tests.PromiseTest" assertions="3" time="0.002889"/>
        <testcase name="testPromiseWaitMultipleTimes" file="/home/omgaalfa/php-projetos/applications/HttpPromise/tests/PromiseTest.php" line="389" class="Tests\PromiseTest" classname="Tests.PromiseTest" assertions="2" time="0.002594"/>
        <testcase name="testPromiseAllPreservesKeys" file="/home/omgaalfa/php-projetos/applications/HttpPromise/tests/PromiseTest.php" line="400" class="Tests\PromiseTest" classname="Tests.PromiseTest" assertions="4" time="0.002783"/>
        <testcase name="testPromiseThenAfterResolved" file="/home/omgaalfa/php-projetos/applications/HttpPromise/tests/PromiseTest.php" line="416" class="Tests\PromiseTest" classname="Tests.PromiseTest" assertions="1" time="0.002633"/>
        <testcase name="testPromiseCatchAfterRejected" file="/home/omgaalfa/php-projetos/applications/HttpPromise/tests/PromiseTest.php" line="428" class="Tests\PromiseTest" classname="Tests.PromiseTest" assertions="1" time="0.002588"/>
      </testsuite>
      <testsuite name="Tests\RequestOptionsTest" file="/home/omgaalfa/php-projetos/applications/HttpPromise/tests/RequestOptionsTest.php" tests="23" assertions="70" errors="0" failures="0" skipped="0" time="0.062396">
        <testcase name="testCreateDefaultOptions" file="/home/omgaalfa/php-projetos/applications/HttpPromise/tests/RequestOptionsTest.php" line="15" class="Tests\RequestOptionsTest" classname="Tests.RequestOptionsTest" assertions="14" time="0.003330"/>
        <testcase name="testWithBaseUrl" file="/home/omgaalfa/php-projetos/applications/HttpPromise/tests/RequestOptionsTest.php" line="35" class="Tests\RequestOptionsTest" classname="Tests.RequestOptionsTest" assertions="3" time="0.002735"/>
        <testcase name="testWithBaseUrlTrimsSlash" file="/home/omgaalfa/php-projetos/applications/HttpPromise/tests/RequestOptionsTest.php" line="45" class="Tests\RequestOptionsTest" classname="Tests.RequestOptionsTest" assertions="1" time="0.002475"/>
        <testcase name="testWithTimeout" file="/home/omgaalfa/php-projetos/applications/HttpPromise/tests/RequestOptionsTest.php" line="53" class="Tests\RequestOptionsTest" classname="Tests.RequestOptionsTest" assertions="3" time="0.002613"/>
        <testcase name="testWithReadTimeout" file="/home/omgaalfa/php-projetos/applications/HttpPromise/tests/RequestOptionsTest.php" line="63" class="Tests\RequestOptionsTest" classname="Tests.RequestOptionsTest" assertions="2" time="0.002690"/>
        <testcase name="testWithRetry" file="/home/omgaalfa/php-projetos/applications/HttpPromise/tests/RequestOptionsTest.php" line="72" class="Tests\RequestOptionsTest" classname="Tests.RequestOptionsTest" assertions="4" time="0.002568"/>
        <testcase name="testWithMaxRedirects" file="/home/omgaalfa/php-projetos/applications/HttpPromise/tests/RequestOptionsTest.php" line="83" class="Tests\RequestOptionsTest" classname="Tests.RequestOptionsTest" assertions="2" time="0.002835"/>
        <testcase name="testWithoutSSLVerification" file="/home/omgaalfa/php-projetos/applications/HttpPromise/tests/RequestOptionsTest.php" line="92" class="Tests\RequestOptionsTest" classname="Tests.RequestOptionsTest" assertions="2" time="0.002626"/>
        <testcase name="testWithUserAgent" file="/home/omgaalfa/php-projetos/applications/HttpPromise/tests/RequestOptionsTest.php" line="101" class="Tests\RequestOptionsTest" classname="Tests.RequestOptionsTest" assertions="2" time="0.002554"/>
        <testcase name="testWithProxy" file="/home/omgaalfa/php-projetos/applications/HttpPromise/tests/RequestOptionsTest.php" line="110" class="Tests\RequestOptionsTest" classname="Tests.RequestOptionsTest" assertions="2" time="0.002640"/>
        <testcase name="testWithHeaders" file="/home/omgaalfa/php-projetos/applications/HttpPromise/tests/RequestOptionsTest.php" line="119" class="Tests\RequestOptionsTest" classname="Tests.RequestOptionsTest" assertions="2" time="0.002636"/>
        <testcase name="testWithHeadersMerge" file="/home/omgaalfa/php-projetos/applications/HttpPromise/tests/RequestOptionsTest.php" line="129" class="Tests\RequestOptionsTest" classname="Tests.RequestOptionsTest" assertions="1" time="0.002451"/>
        <testcase name="testWithoutRedirects" file="/home/omgaalfa/php-projetos/applications/HttpPromise/tests/RequestOptionsTest.php" line="140" class="Tests\RequestOptionsTest" classname="Tests.RequestOptionsTest" assertions="3" time="0.003333"/>
        <testcase name="testWithHttp2" file="/home/omgaalfa/php-projetos/applications/HttpPromise/tests/RequestOptionsTest.php" line="150" class="Tests\RequestOptionsTest" classname="Tests.RequestOptionsTest" assertions="3" time="0.002635"/>
        <testcase name="testWithTcpKeepAlive" file="/home/omgaalfa/php-projetos/applications/HttpPromise/tests/RequestOptionsTest.php" line="160" class="Tests\RequestOptionsTest" classname="Tests.RequestOptionsTest" assertions="3" time="0.002549"/>
        <testcase name="testImmutability" file="/home/omgaalfa/php-projetos/applications/HttpPromise/tests/RequestOptionsTest.php" line="170" class="Tests\RequestOptionsTest" classname="Tests.RequestOptionsTest" assertions="6" time="0.002777"/>
        <testcase name="testChainedOperations" file="/home/omgaalfa/php-projetos/applications/HttpPromise/tests/RequestOptionsTest.php" line="189" class="Tests\RequestOptionsTest" classname="Tests.RequestOptionsTest" assertions="5" time="0.002549"/>
        <testcase name="testGetUserAgent" file="/home/omgaalfa/php-projetos/applications/HttpPromise/tests/RequestOptionsTest.php" line="205" class="Tests\RequestOptionsTest" classname="Tests.RequestOptionsTest" assertions="2" time="0.002426"/>
        <testcase name="testBuildFullUrl" file="/home/omgaalfa/php-projetos/applications/HttpPromise/tests/RequestOptionsTest.php" line="214" class="Tests\RequestOptionsTest" classname="Tests.RequestOptionsTest" assertions="3" time="0.003513"/>
        <testcase name="testWithBearerToken" file="/home/omgaalfa/php-projetos/applications/HttpPromise/tests/RequestOptionsTest.php" line="223" class="Tests\RequestOptionsTest" classname="Tests.RequestOptionsTest" assertions="2" time="0.002914"/>
        <testcase name="testWithBasicAuth" file="/home/omgaalfa/php-projetos/applications/HttpPromise/tests/RequestOptionsTest.php" line="231" class="Tests\RequestOptionsTest" classname="Tests.RequestOptionsTest" assertions="2" time="0.002690"/>
        <testcase name="testAsJson" file="/home/omgaalfa/php-projetos/applications/HttpPromise/tests/RequestOptionsTest.php" line="239" class="Tests\RequestOptionsTest" classname="Tests.RequestOptionsTest" assertions="2" time="0.002462"/>
        <testcase name="testAsForm" file="/home/omgaalfa/php-projetos/applications/HttpPromise/tests/RequestOptionsTest.php" line="247" class="Tests\RequestOptionsTest" classname="Tests.RequestOptionsTest" assertions="1" time="0.002395"/>
      </testsuite>
    </testsuite>
  </testsuite>
</testsuites>
